// Vitest Snapshot v1, https://vitest.dev/guide/snapshot.html

exports[`Watermark.vue > render 1`] = `"<div style="position: relative; overflow: hidden;" class="watermark">watermark</div>"`;
